
Memory Configuration

Name             Origin             Length             Attributes
flash            0x08000000         0x00008000         xr
sram             0x20000000         0x00005000         xrw
*default*        0x00000000         0xffffffff

Linker script and memory map


.text           0x08000000      0x628
 *(.vectors*)
 .vectors       0x08000000       0x20 startup.o
                0x08000000                vectors
 *(.text*)
 .text          0x08000020      0x310 DIO_program.o
                0x08000020                MGPIO_VidSetPinDirection
                0x080001c8                MGPIO_VidSetPinValue
                0x080002b8                MGPIO_u8GetPinValue
 .text          0x08000330      0x128 RCC_program.o
                0x08000330                RCC_voidInitSysClock
                0x08000354                RCC_voidEnableClock
                0x080003d4                RCC_voidDisableClock
 .text          0x08000458       0xc4 USART_program.o
                0x08000458                MUSART1_voidInit
                0x0800049c                MUSART1_voidTransmit
                0x080004ec                MUSART1_u8Receive
 .text          0x0800051c       0x70 main.o
                0x0800051c                main
 .text          0x0800058c       0x94 startup.o
                0x0800058c                rest_handler
                0x08000614                Usage_fault_handler
                0x08000614                Bus_fault_handler
                0x08000614                MM_fault_handler
                0x08000614                H_fault_handler
                0x08000614                TIM_handler
                0x08000614                Default_handler
                0x08000614                NMI_handler
 *(.rodata)
 .rodata        0x08000620        0x8 main.o
                0x08000628                . = ALIGN (0x4)
                0x08000628                _E_text = .

.glue_7         0x08000628        0x0
 .glue_7        0x08000628        0x0 linker stubs

.glue_7t        0x08000628        0x0
 .glue_7t       0x08000628        0x0 linker stubs

.vfp11_veneer   0x08000628        0x0
 .vfp11_veneer  0x08000628        0x0 linker stubs

.v4_bx          0x08000628        0x0
 .v4_bx         0x08000628        0x0 linker stubs

.iplt           0x08000628        0x0
 .iplt          0x08000628        0x0 DIO_program.o

.rel.dyn        0x08000628        0x0
 .rel.iplt      0x08000628        0x0 DIO_program.o

.data           0x20000000        0x0 load address 0x08000628
                0x20000000                _S_DATA = .
 *(.data)
 .data          0x20000000        0x0 DIO_program.o
 .data          0x20000000        0x0 RCC_program.o
 .data          0x20000000        0x0 USART_program.o
 .data          0x20000000        0x0 main.o
 .data          0x20000000        0x0 startup.o
                0x20000000                _E_DATA = .

.igot.plt       0x20000000        0x0 load address 0x08000628
 .igot.plt      0x20000000        0x0 DIO_program.o

.bss            0x20000000      0x200 load address 0x08000628
                0x20000000                _S_bss = .
 *(.bss)
 .bss           0x20000000        0x0 DIO_program.o
 .bss           0x20000000        0x0 RCC_program.o
 .bss           0x20000000        0x0 USART_program.o
 .bss           0x20000000        0x0 main.o
 .bss           0x20000000        0x0 startup.o
                0x20000000                . = ALIGN (0x4)
                0x20000000                _E_bss = .
                0x20000200                . = (. + 0x200)
 *fill*         0x20000000      0x200 
                0x20000200                _stack_top = .
LOAD DIO_program.o
LOAD RCC_program.o
LOAD USART_program.o
LOAD main.o
LOAD startup.o
OUTPUT(project_one.elf elf32-littlearm)

.debug_info     0x00000000      0x596
 .debug_info    0x00000000      0x11f DIO_program.o
 .debug_info    0x0000011f       0xd4 RCC_program.o
 .debug_info    0x000001f3      0x154 USART_program.o
 .debug_info    0x00000347       0xa8 main.o
 .debug_info    0x000003ef      0x1a7 startup.o

.debug_abbrev   0x00000000      0x377
 .debug_abbrev  0x00000000       0x98 DIO_program.o
 .debug_abbrev  0x00000098       0x6d RCC_program.o
 .debug_abbrev  0x00000105      0x110 USART_program.o
 .debug_abbrev  0x00000215       0x8a main.o
 .debug_abbrev  0x0000029f       0xd8 startup.o

.debug_loc      0x00000000      0x3c0
 .debug_loc     0x00000000      0x114 DIO_program.o
 .debug_loc     0x00000114       0xfc RCC_program.o
 .debug_loc     0x00000210       0xfc USART_program.o
 .debug_loc     0x0000030c       0x38 main.o
 .debug_loc     0x00000344       0x7c startup.o

.debug_aranges  0x00000000       0xa0
 .debug_aranges
                0x00000000       0x20 DIO_program.o
 .debug_aranges
                0x00000020       0x20 RCC_program.o
 .debug_aranges
                0x00000040       0x20 USART_program.o
 .debug_aranges
                0x00000060       0x20 main.o
 .debug_aranges
                0x00000080       0x20 startup.o

.debug_line     0x00000000      0x339
 .debug_line    0x00000000       0xb0 DIO_program.o
 .debug_line    0x000000b0       0x6d RCC_program.o
 .debug_line    0x0000011d       0x84 USART_program.o
 .debug_line    0x000001a1       0x5c main.o
 .debug_line    0x000001fd      0x13c startup.o

.debug_str      0x00000000      0x30b
 .debug_str     0x00000000      0x155 DIO_program.o
                                0x167 (size before relaxing)
 .debug_str     0x00000155       0x66 RCC_program.o
                                0x13c (size before relaxing)
 .debug_str     0x000001bb       0x76 USART_program.o
                                0x159 (size before relaxing)
 .debug_str     0x00000231       0x17 main.o
                                 0xfa (size before relaxing)
 .debug_str     0x00000248       0xc3 startup.o
                                0x1cc (size before relaxing)

.comment        0x00000000       0x7e
 .comment       0x00000000       0x7e DIO_program.o
                                 0x7f (size before relaxing)
 .comment       0x0000007e       0x7f RCC_program.o
 .comment       0x0000007e       0x7f USART_program.o
 .comment       0x0000007e       0x7f main.o
 .comment       0x0000007e       0x7f startup.o

.ARM.attributes
                0x00000000       0x33
 .ARM.attributes
                0x00000000       0x33 DIO_program.o
 .ARM.attributes
                0x00000033       0x33 RCC_program.o
 .ARM.attributes
                0x00000066       0x33 USART_program.o
 .ARM.attributes
                0x00000099       0x33 main.o
 .ARM.attributes
                0x000000cc       0x33 startup.o

.debug_frame    0x00000000      0x208
 .debug_frame   0x00000000       0x88 DIO_program.o
 .debug_frame   0x00000088       0x80 RCC_program.o
 .debug_frame   0x00000108       0x80 USART_program.o
 .debug_frame   0x00000188       0x30 main.o
 .debug_frame   0x000001b8       0x50 startup.o
